LOGIN:
Array
(
    [success] => 1
    [message] => Login Admin Berhasil
    [data] => Array
        (
            [token] => 24|tpguSXEWF1jQfHvFd7NSznEGPWWmRrK4332lNf4E45b1c8a2
            [role] => administrator
        )

    [errors] => 
)
